[Licensing::Module] Trying to connect to existing licensing client channel...
[Licensing::IpcConnector] Successfully connected to: "LicenseClient-qop" at "2025-12-25T10:58:19.3670532Z"
[Licensing::Client] Code 10 while verifying Licensing Client signature (process Id: 13812, path: "F:/unity/Unity Hub/UnityLicensingClient_V1/Unity.Licensing.Client.exe")
[Licensing::Module] LicensingClient has failed validation; ignoring
[Licensing::Client] Handshaking with LicensingClient:
  Version:                 1.16.1+e780b2e
  Session Id:              add6255e366f45459d575d19af9d2d12
  Correlation Id:          414b0189855deebb8dfc494f2cf3bea7
  External correlation Id: 5816670013697552279
  Machine Id:              5QvrkEuboGbMwXKbCRjbAGwoRdo=
[Licensing::Module] Successfully connected to LicensingClient on channel: "LicenseClient-qop" (connect: 0.00s, validation: 0.02s, handshake: 0.15s)
[Licensing::IpcConnector] Successfully connected to: "LicenseClient-qop-notifications" at "2025-12-25T10:58:19.5384961Z"
[Licensing::Module] Error: Access token is unavailable; failed to update
[Licensing::Client] Successfully updated license
Built from '2022.3/china_unity/release' branch; Version is '2022.3.55f1c1 (06b99830297d) revision 440728'; Using compiler version '192829333'; Build Type 'Release'
OS: 'Windows 11  (10.0.26100) 64bit Professional' Language: 'zh' Physical Memory: 16223 MB
[Licensing::Client] Successfully resolved entitlement details
[Licensing::Module] Serial number assigned to: "F4-84KU-H5YW-BTWC-37BY-XXXX"
BatchMode: 1, IsHumanControllingUs: 0, StartBugReporterOnCrash: 0, Is64bit: 1, IsPro: 0
[Licensing::Client] Successfully resolved entitlement details

COMMAND LINE ARGUMENTS:
F:\unity\unity\2022.3.55f1c1\Editor\Unity.exe
-batchmode
-quit
-projectPath
F:\unity\xaingmu\Over
-logFile
compile.log
-executeMethod
UnityEditor.SyncVS.SyncSolution
Successfully changed project path to: F:\unity\xaingmu\Over
F:/unity/xaingmu/Over
It looks like another Unity instance is running with this project open.

Multiple Unity instances cannot open the same project.

Project: F:/unity/xaingmu/Over
Fatal Error! It looks like another Unity instance is running with this project open.

Multiple Unity instances cannot open the same project.

Project: F:/unity/xaingmu/Over
Crash!!!
SymInit: Symbol-SearchPath: 'F:/unity/unity/2022.3.55f1c1/Editor/Data/Mono;.;F:\unity\xaingmu\Over;F:\unity\xaingmu\Over\Library\BurstCache\JIT;F:\unity\unity\2022.3.55f1c1\Editor;C:\WINDOWS;C:\WINDOWS\system32;', symOptions: 534, UserName: 'qop'
OS-Version: 10.0.0
F:\unity\unity\2022.3.55f1c1\Editor\Unity.exe:Unity.exe (00007FF64F4B0000), size: 90480640 (result: 0), SymType: '-deferred-', PDB: '', fileVersion: 2022.3.55.47512
C:\WINDOWS\SYSTEM32\ntdll.dll:ntdll.dll (00007FF9E3F00000), size: 2519040 (result: 0), SymType: '-deferred-', PDB: '', fileVersion: 10.0.26100.7462
C:\WINDOWS\System32\KERNEL32.DLL:KERNEL32.DLL (00007FF9E3140000), size: 823296 (result: 0), SymType: '-deferred-', PDB: '', fileVersion: 10.0.26100.7309
C:\WINDOWS\System32\KERNELBASE.dll:KERNELBASE.dll (00007FF9E1260000), size: 4124672 (result: 0), SymType: '-deferred-', PDB: '', fileVersion: 10.0.26100.7462
C:\WINDOWS\System32\CRYPT32.dll:CRYPT32.dll (00007FF9E1A70000), size: 1536000 (result: 0), SymType: '-deferred-', PDB: '', fileVersion: 10.0.26100.7309
C:\WINDOWS\System32\ucrtbase.dll:ucrtbase.dll (00007FF9E1110000), size: 1355776 (result: 0), SymType: '-deferred-', PDB: '', fileVersion: 10.0.26100.7019
C:\WINDOWS\System32\USER32.dll:USER32.dll (00007FF9E2D10000), size: 1855488 (result: 0), SymType: '-deferred-', PDB: '', fileVersion: 10.0.26100.7462
C:\WINDOWS\System32\win32u.dll:win32u.dll (00007FF9E10E0000), size: 159744 (result: 0), SymType: '-deferred-', PDB: '', fileVersion: 10.0.26100.7309
F:\unity\unity\2022.3.55f1c1\Editor\s3tcompress.dll:s3tcompress.dll (00007FF96DC20000), size: 180224 (result: 0), SymType: '-deferred-', PDB: ''
F:\unity\unity\2022.3.55f1c1\Editor\libfbxsdk.dll:libfbxsdk.dll (00007FF96D150000), size: 8019968 (result: 0), SymType: '-deferred-', PDB: '', fileVersion: 2020.3.7.0
C:\WINDOWS\System32\GDI32.dll:GDI32.dll (00007FF9E33F0000), size: 176128 (result: 0), SymType: '-deferred-', PDB: '', fileVersion: 10.0.26100.7309
F:\unity\unity\2022.3.55f1c1\Editor\etccompress.dll:etccompress.dll (00007FF96CC70000), size: 5066752 (result: 0), SymType: '-deferred-', PDB: ''
C:\WINDOWS\System32\ADVAPI32.dll:ADVAPI32.dll (00007FF9E32C0000), size: 737280 (result: 0), SymType: '-deferred-', PDB: '', fileVersion: 10.0.26100.7309
C:\WINDOWS\System32\gdi32full.dll:gdi32full.dll (00007FF9E1940000), size: 1228800 (result: 0), SymType: '-deferred-', PDB: '', fileVersion: 10.0.26100.7309
F:\unity\unity\2022.3.55f1c1\Editor\ispc_texcomp.dll:ispc_texcomp.dll (00007FF96DA60000), size: 1826816 (result: 0), SymType: '-deferred-', PDB: ''
F:\unity\unity\2022.3.55f1c1\Editor\compress_bc7e.dll:compress_bc7e.dll (00007FF96D900000), size: 1433600 (result: 0), SymType: '-deferred-', PDB: ''
C:\WINDOWS\System32\msvcp_win.dll:msvcp_win.dll (00007FF9E1720000), size: 667648 (result: 0), SymType: '-deferred-', PDB: '', fileVersion: 10.0.26100.7019
C:\WINDOWS\System32\msvcrt.dll:msvcrt.dll (00007FF9E3AD0000), size: 692224 (result: 0), SymType: '-deferred-', PDB: '', fileVersion: 7.0.26100.7019
F:\unity\unity\2022.3.55f1c1\Editor\FreeImage.dll:FreeImage.dll (0000000180000000), size: 5783552 (result: 0), SymType: '-deferred-', PDB: '', fileVersion: 3.18.0.0
F:\unity\unity\2022.3.55f1c1\Editor\WinPixEventRuntime.dll:WinPixEventRuntime.dll (00007FF97D610000), size: 45056 (result: 0), SymType: '-deferred-', PDB: '', fileVersion: 1.0.1812.6001
C:\WINDOWS\System32\SHELL32.dll:SHELL32.dll (00007FF9E1E20000), size: 7680000 (result: 0), SymType: '-deferred-', PDB: '', fileVersion: 10.0.26100.7462
C:\WINDOWS\System32\WS2_32.dll:WS2_32.dll (00007FF9E3C60000), size: 475136 (result: 0), SymType: '-deferred-', PDB: '', fileVersion: 10.0.26100.7019
C:\WINDOWS\System32\wintypes.dll:wintypes.dll (00007FF9E17D0000), size: 1482752 (result: 0), SymType: '-deferred-', PDB: '', fileVersion: 10.0.26100.7309
C:\WINDOWS\System32\combase.dll:combase.dll (00007FF9E2580000), size: 3690496 (result: 0), SymType: '-deferred-', PDB: '', fileVersion: 10.0.26100.7462
C:\WINDOWS\System32\SHLWAPI.dll:SHLWAPI.dll (00007FF9E3380000), size: 417792 (result: 0), SymType: '-deferred-', PDB: '', fileVersion: 10.0.26100.7309
C:\WINDOWS\System32\RPCRT4.dll:RPCRT4.dll (00007FF9E2BF0000), size: 1146880 (result: 0), SymType: '-deferred-', PDB: '', fileVersion: 10.0.26100.7309
C:\WINDOWS\System32\ole32.dll:ole32.dll (00007FF9E2980000), size: 1667072 (result: 0), SymType: '-deferred-', PDB: '', fileVersion: 10.0.26100.7462
C:\WINDOWS\System32\sechost.dll:sechost.dll (00007FF9E3210000), size: 679936 (result: 0), SymType: '-deferred-', PDB: '', fileVersion: 10.0.26100.7309
C:\WINDOWS\System32\IMM32.dll:IMM32.dll (00007FF9E2FC0000), size: 200704 (result: 0), SymType: '-deferred-', PDB: '', fileVersion: 10.0.26100.7309
C:\WINDOWS\System32\SETUPAPI.dll:SETUPAPI.dll (00007FF9E34A0000), size: 4759552 (result: 0), SymType: '-deferred-', PDB: '', fileVersion: 10.0.26100.7309
F:\unity\unity\2022.3.55f1c1\Editor\umbraoptimizer64.dll:umbraoptimizer64.dll (00007FF96CB40000), size: 1187840 (result: 0), SymType: '-deferred-', PDB: ''
C:\WINDOWS\System32\OLEAUT32.dll:OLEAUT32.dll (00007FF9E2EE0000), size: 876544 (result: 0), SymType: '-deferred-', PDB: '', fileVersion: 10.0.26100.7309
C:\WINDOWS\System32\WINTRUST.dll:WINTRUST.dll (00007FF9E1050000), size: 524288 (result: 0), SymType: '-deferred-', PDB: '', fileVersion: 10.0.26100.7309
C:\WINDOWS\SYSTEM32\OPENGL32.dll:OPENGL32.dll (00007FF95AB40000), size: 1114112 (result: 0), SymType: '-deferred-', PDB: '', fileVersion: 10.0.26100.7309
C:\WINDOWS\SYSTEM32\MSVCP140.dll:MSVCP140.dll (00007FF9AE0F0000), size: 561152 (result: 0), SymType: '-deferred-', PDB: '', fileVersion: 14.44.35208.0
C:\WINDOWS\SYSTEM32\GLU32.dll:GLU32.dll (00007FF95AAF0000), size: 184320 (result: 0), SymType: '-deferred-', PDB: '', fileVersion: 10.0.26100.1150
C:\WINDOWS\SYSTEM32\VCRUNTIME140.dll:VCRUNTIME140.dll (00007FF9C9270000), size: 122880 (result: 0), SymType: '-deferred-', PDB: '', fileVersion: 14.44.35208.0
C:\WINDOWS\SYSTEM32\IPHLPAPI.DLL:IPHLPAPI.DLL (00007FF9DF810000), size: 212992 (result: 0), SymType: '-deferred-', PDB: '', fileVersion: 10.0.26100.7309
C:\WINDOWS\SYSTEM32\VCRUNTIME140_1.dll:VCRUNTIME140_1.dll (00007FF9AC330000), size: 49152 (result: 0), SymType: '-deferred-', PDB: '', fileVersion: 14.44.35208.0
C:\WINDOWS\SYSTEM32\WINHTTP.dll:WINHTTP.dll (00007FF9D6650000), size: 1212416 (result: 0), SymType: '-deferred-', PDB: '', fileVersion: 10.0.26100.7462
C:\WINDOWS\SYSTEM32\WINMM.dll:WINMM.dll (00007FF9D7090000), size: 217088 (result: 0), SymType: '-deferred-', PDB: '', fileVersion: 10.0.26100.7309
C:\WINDOWS\SYSTEM32\bcrypt.dll:bcrypt.dll (00007FF9E0F40000), size: 172032 (result: 0), SymType: '-deferred-', PDB: '', fileVersion: 10.0.26100.7019
C:\WINDOWS\SYSTEM32\HID.DLL:HID.DLL (00007FF9DF500000), size: 61440 (result: 0), SymType: '-deferred-', PDB: '', fileVersion: 10.0.26100.1150
C:\WINDOWS\SYSTEM32\dwmapi.dll:dwmapi.dll (00007FF9DE7E0000), size: 196608 (result: 0), SymType: '-deferred-', PDB: '', fileVersion: 10.0.26100.7309
F:\unity\unity\2022.3.55f1c1\Editor\NativeProxyHelper.dll:NativeProxyHelper.dll (00007FF96C0E0000), size: 1789952 (result: 0), SymType: '-deferred-', PDB: ''
F:\unity\unity\2022.3.55f1c1\Editor\SketchUpAPI.dll:SketchUpAPI.dll (00007FF96C2A0000), size: 8990720 (result: 0), SymType: '-deferred-', PDB: '', fileVersion: 23.0.0.0
C:\WINDOWS\SYSTEM32\VERSION.dll:VERSION.dll (00007FF9D7100000), size: 45056 (result: 0), SymType: '-deferred-', PDB: '', fileVersion: 10.0.26100.1150
C:\WINDOWS\SYSTEM32\WSOCK32.dll:WSOCK32.dll (00007FF9C9FA0000), size: 40960 (result: 0), SymType: '-deferred-', PDB: '', fileVersion: 10.0.26100.1
F:\unity\unity\2022.3.55f1c1\Editor\SketchUpCommonPreferences.dll:SketchUpCommonPreferences.dll (00007FF9666B0000), size: 499712 (result: 0), SymType: '-deferred-', PDB: '', fileVersion: 23.0.0.0
C:\WINDOWS\SYSTEM32\Secur32.dll:Secur32.dll (00007FF9DE230000), size: 53248 (result: 0), SymType: '-deferred-', PDB: '', fileVersion: 10.0.26100.1
C:\WINDOWS\SYSTEM32\dxcore.dll:dxcore.dll (00007FF9DE530000), size: 278528 (result: 0), SymType: '-deferred-', PDB: '', fileVersion: 10.0.26100.7309
C:\WINDOWS\SYSTEM32\SSPICLI.DLL:SSPICLI.DLL (00007FF9E00A0000), size: 299008 (result: 0), SymType: '-deferred-', PDB: '', fileVersion: 10.0.26100.7309
F:\unity\unity\2022.3.55f1c1\Editor\OpenRL.dll:OpenRL.dll (000001895EDA0000), size: 12779520 (result: 0), SymType: '-deferred-', PDB: '', fileVersion: 1.5.0.2907
C:\WINDOWS\SYSTEM32\MSWSOCK.DLL:MSWSOCK.DLL (00007FF9E0370000), size: 438272 (result: 0), SymType: '-deferred-', PDB: '', fileVersion: 10.0.26100.7309
C:\WINDOWS\SYSTEM32\MSVCR100.dll:MSVCR100.dll (0000000061FB0000), size: 860160 (result: 0), SymType: '-deferred-', PDB: '', fileVersion: 10.0.40219.325
F:\unity\unity\2022.3.55f1c1\Editor\embree.dll:embree.dll (00007FF91E6C0000), size: 16711680 (result: 0), SymType: '-deferred-', PDB: '', fileVersion: 2.14.0.0
C:\WINDOWS\SYSTEM32\MSVCP100.dll:MSVCP100.dll (0000000062090000), size: 622592 (result: 0), SymType: '-deferred-', PDB: '', fileVersion: 10.0.40219.325
F:\unity\unity\2022.3.55f1c1\Editor\tbb.dll:tbb.dll (00007FF966640000), size: 413696 (result: 0), SymType: '-deferred-', PDB: '', fileVersion: 2017.0.2016.1004
C:\WINDOWS\SYSTEM32\MSVCP120.dll:MSVCP120.dll (00007FF966590000), size: 679936 (result: 0), SymType: '-deferred-', PDB: '', fileVersion: 12.0.21005.1
C:\WINDOWS\SYSTEM32\MSVCR120.dll:MSVCR120.dll (00007FF9664A0000), size: 978944 (result: 0), SymType: '-deferred-', PDB: '', fileVersion: 12.0.21005.1
F:\unity\unity\2022.3.55f1c1\Editor\OpenRL_pthread.dll:OpenRL_pthread.dll (000001895F9F0000), size: 61440 (result: 0), SymType: '-deferred-', PDB: '', fileVersion: 2.9.0.0
C:\WINDOWS\SYSTEM32\MSASN1.dll:MSASN1.dll (00007FF9E06A0000), size: 77824 (result: 0), SymType: '-deferred-', PDB: '', fileVersion: 10.0.26100.7019
C:\WINDOWS\SYSTEM32\CRYPTBASE.DLL:CRYPTBASE.DLL (00007FF9E0650000), size: 49152 (result: 0), SymType: '-deferred-', PDB: '', fileVersion: 10.0.26100.7019
C:\WINDOWS\System32\bcryptPrimitives.dll:bcryptPrimitives.dll (00007FF9E1BF0000), size: 675840 (result: 0), SymType: '-deferred-', PDB: '', fileVersion: 10.0.26100.7309
C:\WINDOWS\SYSTEM32\cfgmgr32.DLL:cfgmgr32.DLL (00007FF9E0B90000), size: 356352 (result: 0), SymType: '-deferred-', PDB: '', fileVersion: 10.0.26100.7309
C:\WINDOWS\SYSTEM32\kernel.appcore.dll:kernel.appcore.dll (00007FF9DFE00000), size: 110592 (result: 0), SymType: '-deferred-', PDB: '', fileVersion: 10.0.26100.7309
C:\WINDOWS\system32\uxtheme.dll:uxtheme.dll (00007FF9DE350000), size: 700416 (result: 0), SymType: '-deferred-', PDB: '', fileVersion: 10.0.26100.7309
C:\WINDOWS\SYSTEM32\windows.storage.dll:windows.storage.dll (00007FF9DEC90000), size: 8773632 (result: 0), SymType: '-deferred-', PDB: '', fileVersion: 10.0.26100.7462
C:\WINDOWS\System32\SHCORE.dll:SHCORE.dll (00007FF9E1D20000), size: 1003520 (result: 0), SymType: '-deferred-', PDB: '', fileVersion: 10.0.26100.7462
C:\WINDOWS\SYSTEM32\profapi.dll:profapi.dll (00007FF9E0F70000), size: 167936 (result: 0), SymType: '-deferred-', PDB: '', fileVersion: 10.0.26100.7309
C:\WINDOWS\SYSTEM32\CRYPTSP.dll:CRYPTSP.dll (00007FF9E0630000), size: 110592 (result: 0), SymType: '-deferred-', PDB: '', fileVersion: 10.0.26100.7309
C:\WINDOWS\system32\rsaenh.dll:rsaenh.dll (00007FF9DFD60000), size: 237568 (result: 0), SymType: '-deferred-', PDB: '', fileVersion: 10.0.26100.7019
C:\WINDOWS\System32\imagehlp.dll:imagehlp.dll (00007FF9E3AA0000), size: 131072 (result: 0), SymType: '-deferred-', PDB: '', fileVersion: 10.0.26100.4202
C:\WINDOWS\SYSTEM32\gpapi.dll:gpapi.dll (00007FF9E03E0000), size: 204800 (result: 0), SymType: '-deferred-', PDB: '', fileVersion: 10.0.26100.7309
C:\Windows\System32\cryptnet.dll:cryptnet.dll (00007FF9C7010000), size: 241664 (result: 0), SymType: '-deferred-', PDB: '', fileVersion: 10.0.26100.7309
C:\WINDOWS\SYSTEM32\WINNSI.DLL:WINNSI.DLL (00007FF9DC1F0000), size: 61440 (result: 0), SymType: '-deferred-', PDB: '', fileVersion: 10.0.26100.7309
C:\WINDOWS\System32\NSI.dll:NSI.dll (00007FF9E2970000), size: 40960 (result: 0), SymType: '-deferred-', PDB: '', fileVersion: 10.0.26100.7019
C:\WINDOWS\system32\IconCodecService.dll:IconCodecService.dll (00007FF9C3570000), size: 45056 (result: 0), SymType: '-deferred-', PDB: '', fileVersion: 10.0.26100.1
C:\WINDOWS\SYSTEM32\WindowsCodecs.dll:WindowsCodecs.dll (00007FF9DCAA0000), size: 2293760 (result: 0), SymType: '-deferred-', PDB: '', fileVersion: 10.0.26100.7309
C:\WINDOWS\System32\clbcatq.dll:clbcatq.dll (00007FF9E2B30000), size: 720896 (result: 0), SymType: '-deferred-', PDB: '', fileVersion: 2001.12.10941.16384
C:\WINDOWS\System32\netprofm.dll:netprofm.dll (00007FF9DA8F0000), size: 458752 (result: 0), SymType: '-deferred-', PDB: '', fileVersion: 10.0.26100.7309
C:\WINDOWS\System32\npmproxy.dll:npmproxy.dll (00007FF9D4240000), size: 102400 (result: 0), SymType: '-deferred-', PDB: '', fileVersion: 10.0.26100.7309
C:\WINDOWS\SYSTEM32\dbghelp.dll:dbghelp.dll (00007FF9D5BC0000), size: 2367488 (result: 0), SymType: '-deferred-', PDB: '', fileVersion: 10.0.26100.5074

========== OUTPUTTING STACK TRACE ==================

0x00007FF9E132782A (KERNELBASE) RaiseException
0x00007FF651091F60 (Unity) EditorMonoConsole::LogToConsoleImplementation
0x00007FF6510929DD (Unity) EditorMonoConsole::LogToConsoleImplementation
0x00007FF651D5A88F (Unity) DebugStringToFilePostprocessedStacktrace
0x00007FF651D59FEA (Unity) DebugStringToFile
0x00007FF65120DCA7 (Unity) HandleProjectAlreadyOpenInAnotherInstance
0x00007FF651210248 (Unity) Application::InitializeProject
0x00007FF6516A7765 (Unity) WinMain
0x00007FF652A7365E (Unity) __scrt_common_main_seh
0x00007FF9E316E8D7 (KERNEL32) BaseThreadInitThunk
0x00007FF9E3F8C53C (ntdll) RtlUserThreadStart

========== END OF STACKTRACE ===========

A crash has been intercepted by the crash handler. For call stack and other details, see the latest crash report generated in:
 * C:/Users/qop/AppData/Local/Temp/Unity/Editor/Crashes
